C51 COMPILER V9.60.7.0   MAIN                                                              05/01/2025 16:32:42 PAGE 1   


C51 COMPILER V9.60.7.0, COMPILATION OF MODULE MAIN
OBJECT MODULE PLACED IN .\Objects\main.obj
COMPILER INVOKED BY: C:\Keil_v5\C51\BIN\C51.EXE main.c OPTIMIZE(8,SPEED) BROWSE DEBUG OBJECTEXTEND PRINT(.\Listings\main
                    -.lst) TABS(2) OBJECT(.\Objects\main.obj)

line level    source

   1          #include <stdio.h>
   2          #include "REG51.h"
   3          
   4          typedef unsigned char uint8_t;
   5          sbit P1_0 = P1;
   6          sbit P1_1 = P1^1;
   7          sbit P1_2 = P1^2;
   8          sbit P1_3 = P1^3;
   9          sbit P1_4 = P1^4;
  10          sbit P1_5 = P1^5;
  11          sbit P1_6 = P1^6;
  12          sbit P1_7 = P1^7;
  13          
  14          sbit cs = P0^7;
  15          
  16          sbit A1 = P3^4;
  17          sbit A0 = P3^3;
  18          
  19          int digitarr[10] = {0xC0, 0xF9, 0xA4, 0xB0, 0x99, 0x92, 0x82, 0xF8, 0x80, 0x98}; 
  20          
  21          int seg_sel(uint8_t val, uint8_t pos);
  22          
  23          int seg_sel(uint8_t val, uint8_t pos) // selects one of the 4 7-segments displays
  24          {
  25   1        cs = 1; //cs is high (1) for the decoder to work
  26   1        P1 = digitarr[val];
  27   1        
  28   1        switch(pos)
  29   1        {
  30   2          case 0:
  31   2            A0 = 0; // 1st  7 segment selected
  32   2            A1 = 0;
  33   2            break;
  34   2        
  35   2          case 1:   
  36   2            A0 = 1; // 2nd  7 segment selected
  37   2            A1 = 0;
  38   2            break;
  39   2          
  40   2          case 2:
  41   2            A0 = 0; // 3rd  7 segment selected
  42   2            A1 = 1;
  43   2            break;
  44   2          
  45   2          case 3:
  46   2            A0 = 1; // 4th  7 segment selected
  47   2            A1 = 1;
  48   2            break;
  49   2        }
  50   1        return 0;
  51   1      }
  52          
  53          int main()
  54          {
C51 COMPILER V9.60.7.0   MAIN                                                              05/01/2025 16:32:42 PAGE 2   

  55   1        uint8_t i = 0;
  56   1        while(1)
  57   1        { 
  58   2          for(i = 0; i <=10; i++)
  59   2          {
  60   3            seg_sel(i,2); 
  61   3          }
  62   2        }
  63   1        return 0;
  64   1      }
*** WARNING C294 IN LINE 63 OF main.c: unreachable code


MODULE INFORMATION:   STATIC OVERLAYABLE
   CODE SIZE        =     67    ----
   CONSTANT SIZE    =   ----    ----
   XDATA SIZE       =   ----    ----
   PDATA SIZE       =   ----    ----
   DATA SIZE        =     20    ----
   IDATA SIZE       =   ----    ----
   BIT SIZE         =   ----    ----
END OF MODULE INFORMATION.


C51 COMPILATION COMPLETE.  1 WARNING(S),  0 ERROR(S)
