BL51 BANKED LINKER/LOCATER V6.22.4.0                                                    05/01/2025  16:32:43  PAGE 1


BL51 BANKED LINKER/LOCATER V6.22.4.0, INVOKED BY:
C:\KEIL_V5\C51\BIN\BL51.EXE .\Objects\STARTUP.obj, .\Objects\main.obj TO .\Objects\7 segment PRINT (.\Listings\7 segment
>> .m51)


MEMORY MODEL: SMALL


INPUT MODULES INCLUDED:
  .\Objects\STARTUP.obj (?C_STARTUP)
  .\Objects\main.obj (MAIN)
  C:\KEIL_V5\C51\LIB\C51S.LIB (?C_INIT)


LINK MAP OF MODULE:  .\Objects\7 segment (?C_STARTUP)


            TYPE    BASE      LENGTH    RELOCATION   SEGMENT NAME
            -----------------------------------------------------

            * * * * * * *   D A T A   M E M O R Y   * * * * * * *
            REG     0000H     0008H     ABSOLUTE     "REG BANK 0"
            DATA    0008H     0014H     UNIT         ?DT?MAIN
            IDATA   001CH     0001H     UNIT         ?STACK

            * * * * * * *   C O D E   M E M O R Y   * * * * * * *
            CODE    0000H     0003H     ABSOLUTE     
                    0003H     07FDH                  *** GAP ***
            CODE    0800H     008CH     UNIT         ?C_C51STARTUP
            CODE    088CH     0034H     UNIT         ?PR?_SEG_SEL?MAIN
            CODE    08C0H     0017H     UNIT         ?C_INITSEG
            CODE    08D7H     000FH     UNIT         ?PR?MAIN?MAIN



OVERLAY MAP OF MODULE:   .\Objects\7 segment (?C_STARTUP)


SEGMENT
  +--> CALLED SEGMENT
---------------------
?C_C51STARTUP
  +--> ?PR?MAIN?MAIN
  +--> ?C_INITSEG

?PR?MAIN?MAIN
  +--> ?PR?_SEG_SEL?MAIN



SYMBOL TABLE OF MODULE:  .\Objects\7 segment (?C_STARTUP)

  VALUE           TYPE          NAME
  ----------------------------------

  -------         MODULE        ?C_STARTUP
  C:0800H         SEGMENT       ?C_C51STARTUP
  I:001CH         SEGMENT       ?STACK
BL51 BANKED LINKER/LOCATER V6.22.4.0                                                  05/01/2025  16:32:43  PAGE 2


  C:0000H         PUBLIC        ?C_STARTUP
  D:00E0H         SYMBOL        ACC
  D:00F0H         SYMBOL        B
  D:0083H         SYMBOL        DPH
  D:0082H         SYMBOL        DPL
  N:0000H         SYMBOL        IBPSTACK
  N:0100H         SYMBOL        IBPSTACKTOP
  N:0080H         SYMBOL        IDATALEN
  C:0803H         SYMBOL        IDATALOOP
  N:0000H         SYMBOL        PBPSTACK
  N:0100H         SYMBOL        PBPSTACKTOP
  N:0000H         SYMBOL        PDATALEN
  N:0000H         SYMBOL        PDATASTART
  N:0000H         SYMBOL        PPAGE
  N:0000H         SYMBOL        PPAGEENABLE
  D:00A0H         SYMBOL        PPAGE_SFR
  D:0081H         SYMBOL        SP
  C:0800H         SYMBOL        STARTUP1
  N:0000H         SYMBOL        XBPSTACK
  N:0000H         SYMBOL        XBPSTACKTOP
  N:0000H         SYMBOL        XDATALEN
  N:0000H         SYMBOL        XDATASTART
  C:0000H         LINE#         126
  C:0800H         LINE#         133
  C:0802H         LINE#         134
  C:0803H         LINE#         135
  C:0804H         LINE#         136
  C:0806H         LINE#         185
  C:0809H         LINE#         196
  -------         ENDMOD        ?C_STARTUP

  -------         MODULE        MAIN
  C:0000H         SYMBOL        _ICE_DUMMY_
  D:0080H         PUBLIC        P0
  D:0090H         PUBLIC        P1
  D:00B0H         PUBLIC        P3
  C:08D7H         PUBLIC        main
  B:0080H.7       PUBLIC        cs
  D:0008H         PUBLIC        digitarr
  C:088CH         PUBLIC        _seg_sel
  B:00B0H.3       PUBLIC        A0
  B:00B0H.4       PUBLIC        A1
  -------         PROC          _SEG_SEL
  D:0007H         SYMBOL        val
  D:0005H         SYMBOL        pos
  C:088CH         LINE#         23
  C:088CH         LINE#         24
  C:088CH         LINE#         25
  C:088EH         LINE#         26
  C:0898H         LINE#         28
  C:08A6H         LINE#         29
  C:08A6H         LINE#         30
  C:08A6H         LINE#         31
  C:08A8H         LINE#         32
  C:08AAH         LINE#         33
  C:08ACH         LINE#         35
  C:08ACH         LINE#         36
BL51 BANKED LINKER/LOCATER V6.22.4.0                                                  05/01/2025  16:32:43  PAGE 3


  C:08AEH         LINE#         37
  C:08B0H         LINE#         38
  C:08B2H         LINE#         40
  C:08B2H         LINE#         41
  C:08B4H         LINE#         42
  C:08B6H         LINE#         43
  C:08B8H         LINE#         45
  C:08B8H         LINE#         46
  C:08BAH         LINE#         47
  C:08BCH         LINE#         48
  C:08BCH         LINE#         49
  C:08BCH         LINE#         50
  C:08BFH         LINE#         51
  -------         ENDPROC       _SEG_SEL
  -------         PROC          MAIN
  -------         DO            
  D:0004H         SYMBOL        i
  -------         ENDDO         
  C:08D7H         LINE#         53
  C:08D7H         LINE#         54
  C:08D7H         LINE#         55
  C:08D7H         LINE#         56
  C:08D7H         LINE#         57
  C:08D7H         LINE#         58
  C:08D9H         LINE#         59
  C:08D9H         LINE#         60
  C:08E0H         LINE#         61
  -------         ENDPROC       MAIN
  -------         ENDMOD        MAIN

******************************************************************************
* RESTRICTED VERSION WITH 0800H BYTE CODE SIZE LIMIT; USED: 0068H BYTE ( 5%) *
******************************************************************************

Program Size: data=29.0 xdata=0 code=233
LINK/LOCATE RUN COMPLETE.  0 WARNING(S),  0 ERROR(S)
